// Vitest Snapshot v1

exports[`getErc20DecimalsMulticall > should match the call 1`] = `
{
  "call": [
    "decimals()(uint8)",
  ],
  "label": "some label",
  "target": "0xeeeeeeeeeeeeeeeeeeeeeeeeeeeeeeeeeeeeeeee",
}
`;
